---
source: src/tasklist.rs
expression: terminal.backend()
---
"┌Todo──────────────────────────────────────────────────────────────────────────┐"
"│                                                                              │"
"│  ┌────────────────────────────────────────────────────────────────────────┐  │"
"│  │Test 1                                                                  │  │"
"│  │                                                                        │  │"
"│  │                                                                        │  │"
"│  └────────────────────────────────────────────────────────────────────────┘  │"
"│  ┌────────────────────────────────────────────────────────────────────────┐  │"
"│  │Test 2                                                                  │  │"
"│  │                                                                        │  │"
"│  │                                                                        │  │"
"│  └────────────────────────────────────────────────────────────────────────┘  │"
"│  ┌────────────────────────────────────────────────────────────────────────┐  │"
"│  │Test 3                                                                  │  │"
"│  │                                                                        │  │"
"│  │                                                                        │  │"
"│  └────────────────────────────────────────────────────────────────────────┘  │"
"│                                                                              │"
"│                                                                             ▼│"
"└──────────────────────────────────────────────────────────────────────────────┘"
