---
source: src/tasklist.rs
expression: terminal.backend()
---
"┌Todo──────────────────────────────────────────────────────────────────────────┐"
"│                                                                              │"
"│  ┌────────────────────────────────────────────────────────────────────────┐  │"
"│  │Test 6                                                                  │  │"
"│  │                                                                        │  │"
"│  │                                                                        │  │"
"│  └────────────────────────────────────────────────────────────────────────┘  │"
"│  ┌────────────────────────────────────────────────────────────────────────┐  │"
"│  │Test 7                                                                  │  │"
"│  │                                                                        │  │"
"│  │                                                                        │  │"
"│  └────────────────────────────────────────────────────────────────────────┘  │"
"│  ┌────────────────────────────────────────────────────────────────────────┐  │"
"│  │Test 8                                                                  │  │"
"│  │                                                                        │  │"
"│  │                                                                        │  │"
"│  └────────────────────────────────────────────────────────────────────────┘  │"
"│  ┌────────────────────────────────────────────────────────────────────────┐  │"
"│  │Test 9                                                                  │  │"
"└──────────────────────────────────────────────────────────────────────────────┘"
